$ pnpm run typecheck && pnpm -r --if-present run build
$ pnpm run typecheck:libs && pnpm -r --filter "./artifacts/**" --filter "./scripts" --if-present run typecheck
$ tsc --build
Scope: 6 of 11 workspace projects
artifacts/api-server typecheck$ tsc -p tsconfig.json --noEmit
artifacts/backoffice typecheck$ tsc -p tsconfig.json --noEmit
artifacts/api-server typecheck: Done
artifacts/klant-pwa typecheck$ tsc -p tsconfig.json --noEmit
artifacts/backoffice typecheck: Done
artifacts/mockup-sandbox typecheck$ tsc -p tsconfig.json --noEmit
artifacts/klant-pwa typecheck: Done
artifacts/personeel-pwa typecheck$ tsc -p tsconfig.json --noEmit
artifacts/mockup-sandbox typecheck: Done
scripts typecheck$ tsc -p tsconfig.json --noEmit
scripts typecheck: Done
artifacts/personeel-pwa typecheck: Done
Scope: 10 of 11 workspace projects
artifacts/mockup-sandbox build$ vite build
artifacts/mockup-sandbox build: failed to load config from /workspace/platform/artifacts/mockup-sandbox/vite.config.ts
artifacts/mockup-sandbox build: error during build:
artifacts/mockup-sandbox build: Error: PORT environment variable is required but was not provided.
artifacts/mockup-sandbox build:     at file:///workspace/platform/artifacts/mockup-sandbox/node_modules/.vite-temp/vite.config.ts.timestamp-1784021991278-6f1f42424f418.mjs:145:9
artifacts/mockup-sandbox build:     at ModuleJob.run (node:internal/modules/esm/module_job:437:25)
artifacts/mockup-sandbox build:     at async node:internal/modules/esm/loader:639:26
artifacts/mockup-sandbox build:     at async loadConfigFromBundledFile (file:///workspace/platform/node_modules/.pnpm/vite@7.3.3_@types+node@25.6.2_jiti@2.7.0_lightningcss@1.32.0_tsx@4.21.0_yaml@2.8.4/node_modules/vite/dist/node/chunks/config.js:35936:12)
artifacts/mockup-sandbox build:     at async bundleAndLoadConfigFile (file:///workspace/platform/node_modules/.pnpm/vite@7.3.3_@types+node@25.6.2_jiti@2.7.0_lightningcss@1.32.0_tsx@4.21.0_yaml@2.8.4/node_modules/vite/dist/node/chunks/config.js:35824:17)
artifacts/mockup-sandbox build:     at async loadConfigFromFile (file:///workspace/platform/node_modules/.pnpm/vite@7.3.3_@types+node@25.6.2_jiti@2.7.0_lightningcss@1.32.0_tsx@4.21.0_yaml@2.8.4/node_modules/vite/dist/node/chunks/config.js:35791:42)
artifacts/mockup-sandbox build:     at async resolveConfig (file:///workspace/platform/node_modules/.pnpm/vite@7.3.3_@types+node@25.6.2_jiti@2.7.0_lightningcss@1.32.0_tsx@4.21.0_yaml@2.8.4/node_modules/vite/dist/node/chunks/config.js:35440:22)
artifacts/mockup-sandbox build:     at async createBuilder (file:///workspace/platform/node_modules/.pnpm/vite@7.3.3_@types+node@25.6.2_jiti@2.7.0_lightningcss@1.32.0_tsx@4.21.0_yaml@2.8.4/node_modules/vite/dist/node/chunks/config.js:33895:19)
artifacts/mockup-sandbox build:     at async CAC.<anonymous> (file:///workspace/platform/node_modules/.pnpm/vite@7.3.3_@types+node@25.6.2_jiti@2.7.0_lightningcss@1.32.0_tsx@4.21.0_yaml@2.8.4/node_modules/vite/dist/node/cli.js:629:10)
artifacts/mockup-sandbox build: Failed
/workspace/platform/artifacts/mockup-sandbox:
[ERR_PNPM_RECURSIVE_RUN_FIRST_FAIL] @workspace/mockup-sandbox@2.0.0 build: `vite build`
Exit status 1
[ELIFECYCLE] Command failed with exit code 1.
